[www.templateshub.net/demo/Simply-Construction-HTML5-bootstrap-Template/index.html]
[backblue.gif]
[fade.gif]
[index.html]
[www.templateshub.net/demo/Simply-Construction-HTML5-bootstrap-Template/images/favicon.ico]
[www.templateshub.net/demo/Simply-Construction-HTML5-bootstrap-Template/apple-touch-icon.png]
[www.templateshub.net/demo/Simply-Construction-HTML5-bootstrap-Template/css/bootstrap.min.css]
[www.templateshub.net/demo/Simply-Construction-HTML5-bootstrap-Template/css/owl.carousel.min.css]
[www.templateshub.net/demo/Simply-Construction-HTML5-bootstrap-Template/css/owl.theme.default.min.css]
[www.templateshub.net/demo/Simply-Construction-HTML5-bootstrap-Template/css/core.css]
[www.templateshub.net/demo/Simply-Construction-HTML5-bootstrap-Template/css/shortcode/shortcodes.css]
[www.templateshub.net/demo/Simply-Construction-HTML5-bootstrap-Template/style.css]
[www.templateshub.net/demo/Simply-Construction-HTML5-bootstrap-Template/css/responsive.css]
[www.templateshub.net/demo/Simply-Construction-HTML5-bootstrap-Template/css/custom.css]
[www.templateshub.net/demo/Simply-Construction-HTML5-bootstrap-Template/js/vendor/modernizr-2.8.3.min.js]
[www.templateshub.net/demo/Simply-Construction-HTML5-bootstrap-Template/login-register.html]
[www.templateshub.net/demo/Simply-Construction-HTML5-bootstrap-Template/images/logo/sinply-construction.png]
[www.templateshub.net/demo/Simply-Construction-HTML5-bootstrap-Template/index-2.html]
[www.templateshub.net/demo/Simply-Construction-HTML5-bootstrap-Template/index-3.html]
[www.templateshub.net/demo/Simply-Construction-HTML5-bootstrap-Template/about.html]
[www.templateshub.net/demo/Simply-Construction-HTML5-bootstrap-Template/service.html]
[www.templateshub.net/demo/Simply-Construction-HTML5-bootstrap-Template/single-service.html]
[www.templateshub.net/demo/Simply-Construction-HTML5-bootstrap-Template/projects-one.html]
[www.templateshub.net/demo/Simply-Construction-HTML5-bootstrap-Template/projects-two.html]
[www.templateshub.net/demo/Simply-Construction-HTML5-bootstrap-Template/projects-three.html]
[www.templateshub.net/demo/Simply-Construction-HTML5-bootstrap-Template/single-project.html]
[www.templateshub.net/demo/Simply-Construction-HTML5-bootstrap-Template/blog.html]
[www.templateshub.net/demo/Simply-Construction-HTML5-bootstrap-Template/blog-one-column.html]
[www.templateshub.net/demo/Simply-Construction-HTML5-bootstrap-Template/blog-two-column.html]
[www.templateshub.net/demo/Simply-Construction-HTML5-bootstrap-Template/blog-details.html]
[www.templateshub.net/demo/Simply-Construction-HTML5-bootstrap-Template/contact.html]
[www.templateshub.net/demo/Simply-Construction-HTML5-bootstrap-Template/images/slider/bg/1.jpg]
[www.templateshub.net/demo/Simply-Construction-HTML5-bootstrap-Template/images/slider/fornt-img/1.png]
[www.templateshub.net/demo/Simply-Construction-HTML5-bootstrap-Template/images/slider/bg/2.jpg]
[www.templateshub.net/demo/Simply-Construction-HTML5-bootstrap-Template/images/others/icon-2/1.png]
[www.templateshub.net/demo/Simply-Construction-HTML5-bootstrap-Template/images/others/icon-2/2.png]
[www.templateshub.net/demo/Simply-Construction-HTML5-bootstrap-Template/images/others/icon-2/3.png]
[www.templateshub.net/demo/Simply-Construction-HTML5-bootstrap-Template/images/others/3.png]
[www.templateshub.net/demo/Simply-Construction-HTML5-bootstrap-Template/images/others/icon/1.png]
[www.templateshub.net/demo/Simply-Construction-HTML5-bootstrap-Template/images/others/icon/2.png]
[www.templateshub.net/demo/Simply-Construction-HTML5-bootstrap-Template/images/others/icon/3.png]
[www.templateshub.net/demo/Simply-Construction-HTML5-bootstrap-Template/images/about/2.jpg]
[www.templateshub.net/demo/Simply-Construction-HTML5-bootstrap-Template/images/service/1.jpg]
[www.templateshub.net/demo/Simply-Construction-HTML5-bootstrap-Template/images/service/2.jpg]
[www.templateshub.net/demo/Simply-Construction-HTML5-bootstrap-Template/images/service/3.jpg]
[www.templateshub.net/demo/Simply-Construction-HTML5-bootstrap-Template/images/lst-project-3/1.jpg]
[www.templateshub.net/demo/Simply-Construction-HTML5-bootstrap-Template/images/lst-project-3/2.jpg]
[www.templateshub.net/demo/Simply-Construction-HTML5-bootstrap-Template/images/lst-project-3/3.jpg]
[www.templateshub.net/demo/Simply-Construction-HTML5-bootstrap-Template/images/lst-project-3/4.jpg]
[www.templateshub.net/demo/Simply-Construction-HTML5-bootstrap-Template/images/lst-project-3/5.jpg]
[www.templateshub.net/demo/Simply-Construction-HTML5-bootstrap-Template/images/about/4.png]
[www.templateshub.net/demo/Simply-Construction-HTML5-bootstrap-Template/images/bg/10.png]
[www.templateshub.net/demo/Simply-Construction-HTML5-bootstrap-Template/images/team/1.jpg]
[www.templateshub.net/demo/Simply-Construction-HTML5-bootstrap-Template/images/team/2.jpg]
[www.templateshub.net/demo/Simply-Construction-HTML5-bootstrap-Template/images/team/3.jpg]
[www.templateshub.net/demo/Simply-Construction-HTML5-bootstrap-Template/images/team/4.jpg]
[www.templateshub.net/demo/Simply-Construction-HTML5-bootstrap-Template/images/bg/1.jpg]
[www.templateshub.net/demo/Simply-Construction-HTML5-bootstrap-Template/images/test/client/1.jpg]
[www.templateshub.net/demo/Simply-Construction-HTML5-bootstrap-Template/images/blog/blog-img/1.jpg]
[www.templateshub.net/demo/Simply-Construction-HTML5-bootstrap-Template/images/blog/blog-img/2.jpg]
[www.templateshub.net/demo/Simply-Construction-HTML5-bootstrap-Template/images/blog/blog-img/3.jpg]
[www.templateshub.net/demo/Simply-Construction-HTML5-bootstrap-Template/images/brand/1.jpg]
[www.templateshub.net/demo/Simply-Construction-HTML5-bootstrap-Template/images/brand/2.jpg]
[www.templateshub.net/demo/Simply-Construction-HTML5-bootstrap-Template/images/brand/3.jpg]
[www.templateshub.net/demo/Simply-Construction-HTML5-bootstrap-Template/images/brand/4.jpg]
[www.templateshub.net/demo/Simply-Construction-HTML5-bootstrap-Template/images/brand/5.jpg]
[www.templateshub.net/demo/Simply-Construction-HTML5-bootstrap-Template/images/others/1.png]
[www.templateshub.net/demo/Simply-Construction-HTML5-bootstrap-Template/images/bg/2.jpg]
[www.templateshub.net/demo/Simply-Construction-HTML5-bootstrap-Template/images/blog/sm-img/1.jpg]
[www.templateshub.net/demo/Simply-Construction-HTML5-bootstrap-Template/images/blog/sm-img/2.jpg]
[www.templateshub.net/demo/Simply-Construction-HTML5-bootstrap-Template/images/blog/sm-img/3.jpg]
[www.templateshub.net/demo/Simply-Construction-HTML5-bootstrap-Template/images/blog/sm-img/4.jpg]
[www.templateshub.net/demo/Simply-Construction-HTML5-bootstrap-Template/images/blog/sm-img/5.jpg]
[www.templateshub.net/demo/Simply-Construction-HTML5-bootstrap-Template/images/blog/sm-img/6.jpg]
[www.templateshub.net/cdn-cgi/scripts/5c5dd728/cloudflare-static/email-decode.min.js]
[www.templateshub.net/demo/Simply-Construction-HTML5-bootstrap-Template/js/vendor/jquery-1.12.0.min.js]
[www.templateshub.net/demo/Simply-Construction-HTML5-bootstrap-Template/js/bootstrap.min.js]
[www.templateshub.net/demo/Simply-Construction-HTML5-bootstrap-Template/js/plugins.js]
[www.templateshub.net/demo/Simply-Construction-HTML5-bootstrap-Template/js/slick.min.js]
[www.templateshub.net/demo/Simply-Construction-HTML5-bootstrap-Template/js/owl.carousel.min.js]
[www.templateshub.net/demo/Simply-Construction-HTML5-bootstrap-Template/js/waypoints.min.js]
[www.templateshub.net/demo/Simply-Construction-HTML5-bootstrap-Template/js/main.js]
[www.templateshub.net/demo/Simply-Construction-HTML5-bootstrap-Template/index.html]
[www.templateshub.net/demo/Simply-Construction-HTML5-bootstrap-Template/images/bg/5.jpg]
[www.templateshub.net/demo/Simply-Construction-HTML5-bootstrap-Template/login-register.html]
[www.templateshub.net/demo/Simply-Construction-HTML5-bootstrap-Template/images/service/4.jpg]
[www.templateshub.net/demo/Simply-Construction-HTML5-bootstrap-Template/images/latest-project/1.jpg]
[www.templateshub.net/demo/Simply-Construction-HTML5-bootstrap-Template/images/latest-project/2.jpg]
[www.templateshub.net/demo/Simply-Construction-HTML5-bootstrap-Template/images/latest-project/3.jpg]
[www.templateshub.net/demo/Simply-Construction-HTML5-bootstrap-Template/images/latest-project/5.jpg]
[www.templateshub.net/demo/Simply-Construction-HTML5-bootstrap-Template/images/latest-project/6.jpg]
[www.templateshub.net/demo/Simply-Construction-HTML5-bootstrap-Template/index-2.html]
[www.templateshub.net/demo/Simply-Construction-HTML5-bootstrap-Template/images/latest-project/7.jpg]
[www.templateshub.net/demo/Simply-Construction-HTML5-bootstrap-Template/images/about/1.jpg]
[www.templateshub.net/demo/Simply-Construction-HTML5-bootstrap-Template/images/bg/3.jpg]
[www.templateshub.net/demo/Simply-Construction-HTML5-bootstrap-Template/images/lst-project-2/1.jpg]
[www.templateshub.net/demo/Simply-Construction-HTML5-bootstrap-Template/images/lst-project-2/2.jpg]
[www.templateshub.net/demo/Simply-Construction-HTML5-bootstrap-Template/images/lst-project-2/3.jpg]
[www.templateshub.net/demo/Simply-Construction-HTML5-bootstrap-Template/images/lst-project-2/4.jpg]
[www.templateshub.net/demo/Simply-Construction-HTML5-bootstrap-Template/images/lst-project-2/5.jpg]
[www.templateshub.net/demo/Simply-Construction-HTML5-bootstrap-Template/images/lst-project-2/6.jpg]
[www.templateshub.net/demo/Simply-Construction-HTML5-bootstrap-Template/images/test/client/2.jpg]
[www.templateshub.net/demo/Simply-Construction-HTML5-bootstrap-Template/images/test/client/3.jpg]
[www.templateshub.net/demo/Simply-Construction-HTML5-bootstrap-Template/index-3.html]
[www.templateshub.net/demo/Simply-Construction-HTML5-bootstrap-Template/images/bg/4.jpg]
[www.templateshub.net/demo/Simply-Construction-HTML5-bootstrap-Template/about.html]
[www.templateshub.net/demo/Simply-Construction-HTML5-bootstrap-Template/images/service/5.jpg]
[www.templateshub.net/demo/Simply-Construction-HTML5-bootstrap-Template/images/service/6.jpg]
[www.templateshub.net/demo/Simply-Construction-HTML5-bootstrap-Template/images/service/7.jpg]
[www.templateshub.net/demo/Simply-Construction-HTML5-bootstrap-Template/images/service/8.jpg]
[www.templateshub.net/demo/Simply-Construction-HTML5-bootstrap-Template/service.html]
[www.templateshub.net/demo/Simply-Construction-HTML5-bootstrap-Template/images/blog/big-images/4.jpg]
[www.templateshub.net/demo/Simply-Construction-HTML5-bootstrap-Template/images/blog/big-images/3.jpg]
[www.templateshub.net/demo/Simply-Construction-HTML5-bootstrap-Template/images/blog/big-images/2.jpg]
[www.templateshub.net/demo/Simply-Construction-HTML5-bootstrap-Template/images/blog/big-images/1.jpg]
[www.templateshub.net/demo/Simply-Construction-HTML5-bootstrap-Template/images/service/small-img/1.jpg]
[www.templateshub.net/demo/Simply-Construction-HTML5-bootstrap-Template/images/service/small-img/2.jpg]
[www.templateshub.net/demo/Simply-Construction-HTML5-bootstrap-Template/images/service/small-img/3.jpg]
[www.templateshub.net/demo/Simply-Construction-HTML5-bootstrap-Template/single-service.html]
[www.templateshub.net/demo/Simply-Construction-HTML5-bootstrap-Template/projects-one.html]
[www.templateshub.net/demo/Simply-Construction-HTML5-bootstrap-Template/images/service/small-img/4.jpg]
[www.templateshub.net/demo/Simply-Construction-HTML5-bootstrap-Template/images/latest-project/10.jpg]
[www.templateshub.net/demo/Simply-Construction-HTML5-bootstrap-Template/images/latest-project/11.jpg]
[www.templateshub.net/demo/Simply-Construction-HTML5-bootstrap-Template/images/latest-project/13.jpg]
[www.templateshub.net/demo/Simply-Construction-HTML5-bootstrap-Template/images/latest-project/14.jpg]
[www.templateshub.net/demo/Simply-Construction-HTML5-bootstrap-Template/images/latest-project/15.jpg]
[www.templateshub.net/demo/Simply-Construction-HTML5-bootstrap-Template/projects-two.html]
[www.templateshub.net/demo/Simply-Construction-HTML5-bootstrap-Template/images/latest-project/16.jpg]
[www.templateshub.net/demo/Simply-Construction-HTML5-bootstrap-Template/images/lst-project-2/7.jpg]
[www.templateshub.net/demo/Simply-Construction-HTML5-bootstrap-Template/images/lst-project-2/8.jpg]
[www.templateshub.net/demo/Simply-Construction-HTML5-bootstrap-Template/images/lst-project-2/9.jpg]
[www.templateshub.net/demo/Simply-Construction-HTML5-bootstrap-Template/images/lst-project-2/10.jpg]
[www.templateshub.net/demo/Simply-Construction-HTML5-bootstrap-Template/images/lst-project-2/11.jpg]
[www.templateshub.net/demo/Simply-Construction-HTML5-bootstrap-Template/projects-three.html]
[www.templateshub.net/demo/Simply-Construction-HTML5-bootstrap-Template/images/lst-project-2/12.jpg]
[www.templateshub.net/demo/Simply-Construction-HTML5-bootstrap-Template/single-project.html]
[www.templateshub.net/demo/Simply-Construction-HTML5-bootstrap-Template/images/blog/big-images/5.jpg]
[www.templateshub.net/demo/Simply-Construction-HTML5-bootstrap-Template/images/blog/blog-img/4.jpg]
[www.templateshub.net/demo/Simply-Construction-HTML5-bootstrap-Template/images/blog/blog-img/5.jpg]
[www.templateshub.net/demo/Simply-Construction-HTML5-bootstrap-Template/images/blog/blog-img/6.jpg]
[www.templateshub.net/demo/Simply-Construction-HTML5-bootstrap-Template/images/blog/blog-img/7.jpg]
[www.templateshub.net/demo/Simply-Construction-HTML5-bootstrap-Template/images/blog/blog-img/8.jpg]
[www.templateshub.net/demo/Simply-Construction-HTML5-bootstrap-Template/blog.html]
[www.templateshub.net/demo/Simply-Construction-HTML5-bootstrap-Template/images/blog/blog-img/9.jpg]
[www.templateshub.net/demo/Simply-Construction-HTML5-bootstrap-Template/images/icons/play.png]
[www.templateshub.net/demo/Simply-Construction-HTML5-bootstrap-Template/images/blog/sm-img-2/1.jpg]
[www.templateshub.net/demo/Simply-Construction-HTML5-bootstrap-Template/images/blog/sm-img-2/2.jpg]
[www.templateshub.net/demo/Simply-Construction-HTML5-bootstrap-Template/blog-one-column.html]
[www.templateshub.net/demo/Simply-Construction-HTML5-bootstrap-Template/images/blog/sm-img-2/3.jpg]
[www.templateshub.net/demo/Simply-Construction-HTML5-bootstrap-Template/images/blog/bl-2/1.jpg]
[www.templateshub.net/demo/Simply-Construction-HTML5-bootstrap-Template/images/blog/bl-2/2.jpg]
[www.templateshub.net/demo/Simply-Construction-HTML5-bootstrap-Template/images/blog/bl-2/3.jpg]
[www.templateshub.net/demo/Simply-Construction-HTML5-bootstrap-Template/images/blog/bl-2/4.jpg]
[www.templateshub.net/demo/Simply-Construction-HTML5-bootstrap-Template/images/blog/bl-2/5.jpg]
[www.templateshub.net/demo/Simply-Construction-HTML5-bootstrap-Template/blog-two-column.html]
[www.templateshub.net/demo/Simply-Construction-HTML5-bootstrap-Template/images/blog/bl-2/6.jpg]
[www.templateshub.net/demo/Simply-Construction-HTML5-bootstrap-Template/images/comment/1.jpg]
[www.templateshub.net/demo/Simply-Construction-HTML5-bootstrap-Template/images/comment/2.jpg]
[www.templateshub.net/demo/Simply-Construction-HTML5-bootstrap-Template/images/comment/3.jpg]
[www.templateshub.net/demo/Simply-Construction-HTML5-bootstrap-Template/blog-details.html]
[www.templateshub.net/demo/Simply-Construction-HTML5-bootstrap-Template/contact.html]
[www.templateshub.net/demo/Simply-Construction-HTML5-bootstrap-Template/images/logo/sinply-construction.png]
[www.templateshub.net/demo/Simply-Construction-HTML5-bootstrap-Template/images/slider/bg/1.jpg]
[www.templateshub.net/demo/Simply-Construction-HTML5-bootstrap-Template/apple-touch-icon.png]
[www.templateshub.net/demo/Simply-Construction-HTML5-bootstrap-Template/images/slider/bg/2.jpg]
[www.templateshub.net/demo/Simply-Construction-HTML5-bootstrap-Template/images/others/3.png]
[www.templateshub.net/demo/Simply-Construction-HTML5-bootstrap-Template/fonts/glyphicons-halflings-regular.eot]
[www.templateshub.net/demo/Simply-Construction-HTML5-bootstrap-Template/images/about/2.jpg]
[www.templateshub.net/demo/Simply-Construction-HTML5-bootstrap-Template/images/lst-project-3/1.jpg]
[www.templateshub.net/demo/Simply-Construction-HTML5-bootstrap-Template/images/lst-project-3/2.jpg]
[www.templateshub.net/demo/Simply-Construction-HTML5-bootstrap-Template/images/lst-project-3/4.jpg]
[www.templateshub.net/demo/Simply-Construction-HTML5-bootstrap-Template/images/bg/1.jpg]
[www.templateshub.net/demo/Simply-Construction-HTML5-bootstrap-Template/images/about/4.png]
[www.templateshub.net/demo/Simply-Construction-HTML5-bootstrap-Template/images/blog/blog-img/3.jpg]
[www.templateshub.net/demo/Simply-Construction-HTML5-bootstrap-Template/fonts/glyphicons-halflings-regulard41dd41d.eot]
[www.templateshub.net/demo/Simply-Construction-HTML5-bootstrap-Template/images/others/1.png]
[www.templateshub.net/demo/Simply-Construction-HTML5-bootstrap-Template/images/bg/2.jpg]
[www.templateshub.net/cdn-cgi/scripts/5c5dd728/cloudflare-static/email-decode.min.js]
[www.templateshub.net/demo/Simply-Construction-HTML5-bootstrap-Template/images/service/4.jpg]
[www.templateshub.net/demo/Simply-Construction-HTML5-bootstrap-Template/images/bg/5.jpg]
[www.templateshub.net/demo/Simply-Construction-HTML5-bootstrap-Template/fonts/glyphicons-halflings-regular.woff2]
[www.templateshub.net/demo/Simply-Construction-HTML5-bootstrap-Template/images/latest-project/6.jpg]
[www.templateshub.net/demo/Simply-Construction-HTML5-bootstrap-Template/images/latest-project/7.jpg]
[www.templateshub.net/demo/Simply-Construction-HTML5-bootstrap-Template/images/latest-project/1.jpg]
[www.templateshub.net/demo/Simply-Construction-HTML5-bootstrap-Template/images/latest-project/5.jpg]
[www.templateshub.net/demo/Simply-Construction-HTML5-bootstrap-Template/images/bg/3.jpg]
[www.templateshub.net/demo/Simply-Construction-HTML5-bootstrap-Template/images/lst-project-2/1.jpg]
[www.templateshub.net/demo/Simply-Construction-HTML5-bootstrap-Template/images/about/1.jpg]
[www.templateshub.net/demo/Simply-Construction-HTML5-bootstrap-Template/images/lst-project-2/2.jpg]
[www.templateshub.net/demo/Simply-Construction-HTML5-bootstrap-Template/images/lst-project-2/4.jpg]
[www.templateshub.net/demo/Simply-Construction-HTML5-bootstrap-Template/images/lst-project-2/3.jpg]
[www.templateshub.net/demo/Simply-Construction-HTML5-bootstrap-Template/images/lst-project-2/5.jpg]
[www.templateshub.net/demo/Simply-Construction-HTML5-bootstrap-Template/images/lst-project-2/6.jpg]
[www.templateshub.net/demo/Simply-Construction-HTML5-bootstrap-Template/fonts/glyphicons-halflings-regular.woff]
[www.templateshub.net/demo/Simply-Construction-HTML5-bootstrap-Template/images/test/client/2.jpg]
[www.templateshub.net/demo/Simply-Construction-HTML5-bootstrap-Template/images/test/client/3.jpg]
[www.templateshub.net/demo/Simply-Construction-HTML5-bootstrap-Template/images/bg/4.jpg]
[www.templateshub.net/demo/Simply-Construction-HTML5-bootstrap-Template/images/service/5.jpg]
[www.templateshub.net/demo/Simply-Construction-HTML5-bootstrap-Template/images/blog/big-images/4.jpg]
[www.templateshub.net/demo/Simply-Construction-HTML5-bootstrap-Template/fonts/glyphicons-halflings-regular.ttf]
[www.templateshub.net/demo/Simply-Construction-HTML5-bootstrap-Template/images/service/6.jpg]
[www.templateshub.net/demo/Simply-Construction-HTML5-bootstrap-Template/images/blog/big-images/2.jpg]
[www.templateshub.net/demo/Simply-Construction-HTML5-bootstrap-Template/images/blog/big-images/3.jpg]
[www.templateshub.net/demo/Simply-Construction-HTML5-bootstrap-Template/images/service/small-img/1.jpg]
[www.templateshub.net/demo/Simply-Construction-HTML5-bootstrap-Template/images/blog/big-images/1.jpg]
[www.templateshub.net/demo/Simply-Construction-HTML5-bootstrap-Template/images/service/small-img/2.jpg]
[www.templateshub.net/demo/Simply-Construction-HTML5-bootstrap-Template/images/service/small-img/3.jpg]
[www.templateshub.net/demo/Simply-Construction-HTML5-bootstrap-Template/fonts/glyphicons-halflings-regular.svg]
[www.templateshub.net/demo/Simply-Construction-HTML5-bootstrap-Template/css/bootstrap.min.css]
[www.templateshub.net/demo/Simply-Construction-HTML5-bootstrap-Template/images/service/small-img/4.jpg]
[www.templateshub.net/demo/Simply-Construction-HTML5-bootstrap-Template/images/latest-project/10.jpg]
[www.templateshub.net/demo/Simply-Construction-HTML5-bootstrap-Template/images/latest-project/13.jpg]
[www.templateshub.net/demo/Simply-Construction-HTML5-bootstrap-Template/images/latest-project/11.jpg]
[www.templateshub.net/demo/Simply-Construction-HTML5-bootstrap-Template/images/latest-project/14.jpg]
[www.templateshub.net/demo/Simply-Construction-HTML5-bootstrap-Template/images/latest-project/15.jpg]
[www.templateshub.net/demo/Simply-Construction-HTML5-bootstrap-Template/images/latest-project/16.jpg]
[www.templateshub.net/demo/Simply-Construction-HTML5-bootstrap-Template/css/owl.video.play.png]
[www.templateshub.net/demo/Simply-Construction-HTML5-bootstrap-Template/css/owl.carousel.min.css]
[www.templateshub.net/demo/Simply-Construction-HTML5-bootstrap-Template/images/lst-project-2/7.jpg]
[www.templateshub.net/demo/Simply-Construction-HTML5-bootstrap-Template/images/lst-project-2/8.jpg]
[www.templateshub.net/demo/Simply-Construction-HTML5-bootstrap-Template/images/lst-project-2/9.jpg]
[www.templateshub.net/demo/Simply-Construction-HTML5-bootstrap-Template/css/owl.theme.default.min.css]
[www.templateshub.net/demo/Simply-Construction-HTML5-bootstrap-Template/images/lst-project-2/10.jpg]
[www.templateshub.net/demo/Simply-Construction-HTML5-bootstrap-Template/images/lst-project-2/11.jpg]
[www.templateshub.net/demo/Simply-Construction-HTML5-bootstrap-Template/images/lst-project-2/12.jpg]
[www.templateshub.net/demo/Simply-Construction-HTML5-bootstrap-Template/images/blog/big-images/5.jpg]
[www.templateshub.net/demo/Simply-Construction-HTML5-bootstrap-Template/images/blog/blog-img/5.jpg]
[www.templateshub.net/demo/Simply-Construction-HTML5-bootstrap-Template/images/blog/blog-img/6.jpg]
[www.templateshub.net/demo/Simply-Construction-HTML5-bootstrap-Template/images/blog/blog-img/4.jpg]
[www.templateshub.net/demo/Simply-Construction-HTML5-bootstrap-Template/css/font-awesome.css]
[www.templateshub.net/demo/Simply-Construction-HTML5-bootstrap-Template/images/blog/blog-img/7.jpg]
[www.templateshub.net/demo/Simply-Construction-HTML5-bootstrap-Template/css/material-design-iconic-font.min.css]
[www.templateshub.net/demo/Simply-Construction-HTML5-bootstrap-Template/images/blog/blog-img/8.jpg]
[www.templateshub.net/demo/Simply-Construction-HTML5-bootstrap-Template/css/plugins/animate.css]
[www.templateshub.net/demo/Simply-Construction-HTML5-bootstrap-Template/images/blog/blog-img/9.jpg]
[www.templateshub.net/demo/Simply-Construction-HTML5-bootstrap-Template/images/icons/play.png]
[www.templateshub.net/demo/Simply-Construction-HTML5-bootstrap-Template/images/blog/sm-img-2/1.jpg]
[www.templateshub.net/demo/Simply-Construction-HTML5-bootstrap-Template/images/blog/sm-img-2/2.jpg]
[www.templateshub.net/demo/Simply-Construction-HTML5-bootstrap-Template/images/blog/sm-img-2/3.jpg]
[www.templateshub.net/demo/Simply-Construction-HTML5-bootstrap-Template/css/plugins/animate-slider.css]
[www.templateshub.net/demo/Simply-Construction-HTML5-bootstrap-Template/images/blog/bl-2/3.jpg]
[www.templateshub.net/demo/Simply-Construction-HTML5-bootstrap-Template/images/blog/bl-2/2.jpg]
[www.templateshub.net/demo/Simply-Construction-HTML5-bootstrap-Template/images/blog/bl-2/1.jpg]
[www.templateshub.net/demo/Simply-Construction-HTML5-bootstrap-Template/images/blog/bl-2/4.jpg]
[www.templateshub.net/demo/Simply-Construction-HTML5-bootstrap-Template/images/blog/bl-2/5.jpg]
[www.templateshub.net/demo/Simply-Construction-HTML5-bootstrap-Template/images/blog/bl-2/6.jpg]
[www.templateshub.net/demo/Simply-Construction-HTML5-bootstrap-Template/images/comment/1.jpg]
[www.templateshub.net/demo/Simply-Construction-HTML5-bootstrap-Template/css/shortcode/default.css]
[www.templateshub.net/demo/Simply-Construction-HTML5-bootstrap-Template/images/comment/2.jpg]
[www.templateshub.net/demo/Simply-Construction-HTML5-bootstrap-Template/fonts/glyphicons-halflings-regular.woff2]
[www.templateshub.net/demo/Simply-Construction-HTML5-bootstrap-Template/fonts/glyphicons-halflings-regular.eot]
[www.templateshub.net/demo/Simply-Construction-HTML5-bootstrap-Template/fonts/glyphicons-halflings-regular.woff]
[www.templateshub.net/demo/Simply-Construction-HTML5-bootstrap-Template/css/plugins/jquery-ui.css]
[www.templateshub.net/demo/Simply-Construction-HTML5-bootstrap-Template/css/plugins/slick.css]
[www.templateshub.net/demo/Simply-Construction-HTML5-bootstrap-Template/css/plugins/slick-theme.css]
[www.templateshub.net/demo/Simply-Construction-HTML5-bootstrap-Template/css/plugins/meanmenu.css]
[www.templateshub.net/demo/Simply-Construction-HTML5-bootstrap-Template/css/plugins/magnific-popup.css]
[www.templateshub.net/demo/Simply-Construction-HTML5-bootstrap-Template/css/core.css]
[www.templateshub.net/demo/Simply-Construction-HTML5-bootstrap-Template/css/shortcode/header.css]
[www.templateshub.net/demo/Simply-Construction-HTML5-bootstrap-Template/css/shortcode/slider.css]
[www.templateshub.net/demo/Simply-Construction-HTML5-bootstrap-Template/css/shortcode/footer.css]
[www.templateshub.net/demo/Simply-Construction-HTML5-bootstrap-Template/css/shortcode/shortcodes.css]
[www.templateshub.net/demo/Simply-Construction-HTML5-bootstrap-Template/images/icons/line.png]
[www.templateshub.net/demo/Simply-Construction-HTML5-bootstrap-Template/style.css]
[www.templateshub.net/demo/Simply-Construction-HTML5-bootstrap-Template/css/responsive.css]
[www.templateshub.net/demo/Simply-Construction-HTML5-bootstrap-Template/css/custom.css]
[www.templateshub.net/demo/Simply-Construction-HTML5-bootstrap-Template/js/vendor/modernizr-2.8.3.min.js]
[www.templateshub.net/demo/Simply-Construction-HTML5-bootstrap-Template/js/vendor/jquery-1.12.0.min.js]
[www.templateshub.net/demo/Simply-Construction-HTML5-bootstrap-Template/js/bootstrap.min.js]
[www.templateshub.net/demo/Simply-Construction-HTML5-bootstrap-Template/js/plugins.js]
[www.templateshub.net/demo/Simply-Construction-HTML5-bootstrap-Template/js/slick.min.js]
[www.templateshub.net/demo/Simply-Construction-HTML5-bootstrap-Template/js/owl.carousel.min.js]
[www.templateshub.net/demo/Simply-Construction-HTML5-bootstrap-Template/js/waypoints.min.js]
[www.templateshub.net/demo/Simply-Construction-HTML5-bootstrap-Template/js/main.js]
[www.templateshub.net/demo/Simply-Construction-HTML5-bootstrap-Template/fonts/glyphicons-halflings-regular.svg]
[www.templateshub.net/demo/Simply-Construction-HTML5-bootstrap-Template/fonts/fontawesome-webfont3e6e3e6e.eot]
[www.templateshub.net/demo/Simply-Construction-HTML5-bootstrap-Template/fonts/fontawesome-webfontd41dd41d.eot]
[www.templateshub.net/demo/Simply-Construction-HTML5-bootstrap-Template/fonts/fontawesome-webfont3e6e3e6e.woff2]
[www.templateshub.net/demo/Simply-Construction-HTML5-bootstrap-Template/fonts/fontawesome-webfont3e6e3e6e.woff]
[www.templateshub.net/demo/Simply-Construction-HTML5-bootstrap-Template/fonts/fontawesome-webfont3e6e3e6e.woff]
[www.templateshub.net/demo/Simply-Construction-HTML5-bootstrap-Template/fonts/fontawesome-webfont3e6e3e6e.ttf]
[www.templateshub.net/demo/Simply-Construction-HTML5-bootstrap-Template/css/font-awesome.css]
[www.templateshub.net/demo/Simply-Construction-HTML5-bootstrap-Template/fonts/fontawesome-webfont3e6e3e6e.svg]
[www.templateshub.net/demo/Simply-Construction-HTML5-bootstrap-Template/fonts/Material-Design-Iconic-Fontd1f1d1f1.woff2]
[www.templateshub.net/demo/Simply-Construction-HTML5-bootstrap-Template/fonts/Material-Design-Iconic-Fontd1f1d1f1.woff2]
[www.templateshub.net/demo/Simply-Construction-HTML5-bootstrap-Template/fonts/Material-Design-Iconic-Fontd1f1d1f1.woff]
[www.templateshub.net/demo/Simply-Construction-HTML5-bootstrap-Template/css/material-design-iconic-font.min.css]
[www.templateshub.net/demo/Simply-Construction-HTML5-bootstrap-Template/css/plugins/animate.css]
[www.templateshub.net/demo/Simply-Construction-HTML5-bootstrap-Template/css/plugins/animate-slider.css]
[www.templateshub.net/demo/Simply-Construction-HTML5-bootstrap-Template/fonts/Material-Design-Iconic-Fontd1f1d1f1.ttf]
[www.templateshub.net/demo/Simply-Construction-HTML5-bootstrap-Template/images/others/2.png]
[www.templateshub.net/demo/Simply-Construction-HTML5-bootstrap-Template/images/icons/select-option.png]
[www.templateshub.net/demo/Simply-Construction-HTML5-bootstrap-Template/images/others/2.png]
[www.templateshub.net/demo/Simply-Construction-HTML5-bootstrap-Template/css/shortcode/default.css]
[www.templateshub.net/demo/Simply-Construction-HTML5-bootstrap-Template/css/plugins/images/ui-icons_444444_256x240.png]
[www.templateshub.net/demo/Simply-Construction-HTML5-bootstrap-Template/css/plugins/images/ui-icons_555555_256x240.png]
[www.templateshub.net/demo/Simply-Construction-HTML5-bootstrap-Template/css/plugins/images/ui-icons_ffffff_256x240.png]
[www.templateshub.net/demo/Simply-Construction-HTML5-bootstrap-Template/css/plugins/images/ui-icons_777620_256x240.png]
[www.templateshub.net/demo/Simply-Construction-HTML5-bootstrap-Template/css/plugins/images/ui-icons_555555_256x240.png]
[www.templateshub.net/demo/Simply-Construction-HTML5-bootstrap-Template/css/plugins/images/ui-icons_ffffff_256x240.png]
[www.templateshub.net/demo/Simply-Construction-HTML5-bootstrap-Template/css/plugins/images/ui-icons_cc0000_256x240.png]
[www.templateshub.net/demo/Simply-Construction-HTML5-bootstrap-Template/css/plugins/jquery-ui.css]
[www.templateshub.net/demo/Simply-Construction-HTML5-bootstrap-Template/css/plugins/slick.css]
[www.templateshub.net/demo/Simply-Construction-HTML5-bootstrap-Template/css/plugins/images/ui-icons_777777_256x240.png]
[www.templateshub.net/demo/Simply-Construction-HTML5-bootstrap-Template/css/plugins/ajax-loader.gif]
[www.templateshub.net/demo/Simply-Construction-HTML5-bootstrap-Template/css/plugins/fonts/slick.eot]
[www.templateshub.net/demo/Simply-Construction-HTML5-bootstrap-Template/css/plugins/fonts/slickd41dd41d.eot]
[www.templateshub.net/demo/Simply-Construction-HTML5-bootstrap-Template/css/plugins/fonts/slick.woff]
[www.templateshub.net/demo/Simply-Construction-HTML5-bootstrap-Template/css/plugins/fonts/slick.ttf]
[www.templateshub.net/demo/Simply-Construction-HTML5-bootstrap-Template/css/plugins/fonts/slick.svg]
[www.templateshub.net/demo/Simply-Construction-HTML5-bootstrap-Template/css/plugins/slick-theme.css]
[www.templateshub.net/demo/Simply-Construction-HTML5-bootstrap-Template/css/plugins/meanmenu.css]
[www.templateshub.net/demo/Simply-Construction-HTML5-bootstrap-Template/css/plugins/magnific-popup.css]
[www.templateshub.net/demo/Simply-Construction-HTML5-bootstrap-Template/css/shortcode/header.css]
[www.templateshub.net/demo/Simply-Construction-HTML5-bootstrap-Template/css/shortcode/slider.css]
[www.templateshub.net/demo/Simply-Construction-HTML5-bootstrap-Template/css/shortcode/footer.css]
[www.templateshub.net/demo/Simply-Construction-HTML5-bootstrap-Template/fonts/fontawesome-webfont3e6e3e6e.svg]
[www.templateshub.net/demo/Simply-Construction-HTML5-bootstrap-Template/css/plugins/fonts/slick.svg]
[www.templateshub.net/demo/Simply-Construction-HTML5-bootstrap-Template/index-2.html]
